Using pre-set license
Built from '2022.3/staging' branch; Version is '2022.3.21f1 (bf09ca542b87) revision 12519882'; Using compiler version '192829333'; Build Type 'Release'
OS: 'Windows 11  (10.0.22631) 64bit CoreSingleLanguage' Language: 'en' Physical Memory: 7599 MB
BatchMode: 1, IsHumanControllingUs: 0, StartBugReporterOnCrash: 0, Is64bit: 1, IsPro: 1

COMMAND LINE ARGUMENTS:
C:\Program Files\Unity 2022.3.21f1\Editor\Unity.exe
-adb2
-batchMode
-noUpm
-name
AssetImportWorker0
-projectPath
C:/Users/esihl/OneDrive/Documents/GitHub/VOID-RUNNER-v3.0/voidRunner3.0
-logFile
Logs/AssetImportWorker0.log
-srvPort
61773
Successfully changed project path to: C:/Users/esihl/OneDrive/Documents/GitHub/VOID-RUNNER-v3.0/voidRunner3.0
C:/Users/esihl/OneDrive/Documents/GitHub/VOID-RUNNER-v3.0/voidRunner3.0
[UnityMemory] Configuration Parameters - Can be set up in boot.config
    "memorysetup-bucket-allocator-granularity=16"
    "memorysetup-bucket-allocator-bucket-count=8"
    "memorysetup-bucket-allocator-block-size=33554432"
    "memorysetup-bucket-allocator-block-count=8"
    "memorysetup-main-allocator-block-size=16777216"
    "memorysetup-thread-allocator-block-size=16777216"
    "memorysetup-gfx-main-allocator-block-size=16777216"
    "memorysetup-gfx-thread-allocator-block-size=16777216"
    "memorysetup-cache-allocator-block-size=4194304"
    "memorysetup-typetree-allocator-block-size=2097152"
    "memorysetup-profiler-bucket-allocator-granularity=16"
    "memorysetup-profiler-bucket-allocator-bucket-count=8"
    "memorysetup-profiler-bucket-allocator-block-size=33554432"
    "memorysetup-profiler-bucket-allocator-block-count=8"
    "memorysetup-profiler-allocator-block-size=16777216"
    "memorysetup-profiler-editor-allocator-block-size=1048576"
    "memorysetup-temp-allocator-size-main=16777216"
    "memorysetup-job-temp-allocator-block-size=2097152"
    "memorysetup-job-temp-allocator-block-size-background=1048576"
    "memorysetup-job-temp-allocator-reduction-small-platforms=262144"
    "memorysetup-allocator-temp-initial-block-size-main=262144"
    "memorysetup-allocator-temp-initial-block-size-worker=262144"
    "memorysetup-temp-allocator-size-background-worker=32768"
    "memorysetup-temp-allocator-size-job-worker=262144"
    "memorysetup-temp-allocator-size-preload-manager=33554432"
    "memorysetup-temp-allocator-size-nav-mesh-worker=65536"
    "memorysetup-temp-allocator-size-audio-worker=65536"
    "memorysetup-temp-allocator-size-cloud-worker=32768"
    "memorysetup-temp-allocator-size-gi-baking-worker=262144"
    "memorysetup-temp-allocator-size-gfx=262144"
Player connection [34936] Host "[IP] 192.168.1.56 [Port] 0 [Flags] 2 [Guid] 4118574213 [EditorId] 4118574213 [Version] 1048832 [Id] WindowsEditor(7,LAPTOP-ND836E6J) [Debug] 1 [PackageName] WindowsEditor [ProjectName] Editor" joined multi-casting on [225.0.0.222:54997]...

Player connection [34936] Host "[IP] 192.168.1.56 [Port] 0 [Flags] 2 [Guid] 4118574213 [EditorId] 4118574213 [Version] 1048832 [Id] WindowsEditor(7,LAPTOP-ND836E6J) [Debug] 1 [PackageName] WindowsEditor [ProjectName] Editor" joined alternative multi-casting on [225.0.0.222:34997]...

[Physics::Module] Initialized MultithreadedJobDispatcher with 11 workers.
Refreshing native plugins compatible for Editor in 21.22 ms, found 3 plugins.
Preloading 0 native plugins for Editor in 0.00 ms.
Initialize engine version: 2022.3.21f1 (bf09ca542b87)
[Subsystems] Discovering subsystems at path C:/Program Files/Unity 2022.3.21f1/Editor/Data/Resources/UnitySubsystems
[Subsystems] Discovering subsystems at path C:/Users/esihl/OneDrive/Documents/GitHub/VOID-RUNNER-v3.0/voidRunner3.0/Assets
GfxDevice: creating device client; threaded=0; jobified=0
Direct3D:
    Version:  Direct3D 11.0 [level 11.1]
    Renderer: AMD Radeon(TM) Graphics (ID=0x1636)
    Vendor:   ATI
    VRAM:     3799 MB
    Driver:   31.0.12044.62001
Initialize mono
Mono path[0] = 'C:/Program Files/Unity 2022.3.21f1/Editor/Data/Managed'
Mono path[1] = 'C:/Program Files/Unity 2022.3.21f1/Editor/Data/MonoBleedingEdge/lib/mono/unityjit-win32'
Mono config path = 'C:/Program Files/Unity 2022.3.21f1/Editor/Data/MonoBleedingEdge/etc'
Using monoOptions --debugger-agent=transport=dt_socket,embedding=1,server=y,suspend=n,address=127.0.0.1:56156
Begin MonoManager ReloadAssembly
Registering precompiled unity dll's ...
Register platform support module: C:/Program Files/Unity 2022.3.21f1/Editor/Data/PlaybackEngines/WindowsStandaloneSupport/UnityEditor.WindowsStandalone.Extensions.dll
Registered in 0.012163 seconds.
- Loaded All Assemblies, in  0.806 seconds
Native extension for WindowsStandalone target not found
Mono: successfully reloaded assembly
- Finished resetting the current domain, in  0.554 seconds
Domain Reload Profiling: 1352ms
	BeginReloadAssembly (288ms)
		ExecutionOrderSort (0ms)
		DisableScriptedObjects (0ms)
		BackupInstance (0ms)
		ReleaseScriptingObjects (0ms)
		CreateAndSetChildDomain (2ms)
	RebuildCommonClasses (74ms)
	RebuildNativeTypeToScriptingClass (18ms)
	initialDomainReloadingComplete (143ms)
	LoadAllAssembliesAndSetupDomain (275ms)
		LoadAssemblies (283ms)
		RebuildTransferFunctionScriptingTraits (0ms)
		AnalyzeDomain (270ms)
			TypeCache.Refresh (267ms)
				TypeCache.ScanAssembly (238ms)
			ScanForSourceGeneratedMonoScriptInfo (0ms)
			ResolveRequiredComponents (1ms)
	FinalizeReload (555ms)
		ReleaseScriptCaches (0ms)
		RebuildScriptCaches (0ms)
		SetupLoadedEditorAssemblies (435ms)
			LogAssemblyErrors (0ms)
			InitializePlatformSupportModulesInManaged (17ms)
			SetLoadedEditorAssemblies (17ms)
			RefreshPlugins (0ms)
			BeforeProcessingInitializeOnLoad (4ms)
			ProcessInitializeOnLoadAttributes (310ms)
			ProcessInitializeOnLoadMethodAttributes (87ms)
			AfterProcessingInitializeOnLoad (0ms)
			EditorAssembliesLoaded (0ms)
		ExecutionOrderSort2 (0ms)
		AwakeInstancesAfterBackupRestoration (0ms)
========================================================================
Worker process is ready to serve import requests
Begin MonoManager ReloadAssembly
- Loaded All Assemblies, in  1.292 seconds
Refreshing native plugins compatible for Editor in 8.57 ms, found 3 plugins.
Native extension for WindowsStandalone target not found
Package Manager log level set to [2]
[Package Manager] Server::EnsureServerProcessIsRunning -- launch failed, reason: Unity was launched with the -noUpm command-line argument
[Package Manager] UpmClient::Send -- Unable to send message (not connected to UPM process).
[Package Manager] Cannot connect to Unity Package Manager local server
Mono: successfully reloaded assembly
- Finished resetting the current domain, in  0.899 seconds
Domain Reload Profiling: 2182ms
	BeginReloadAssembly (278ms)
		ExecutionOrderSort (0ms)
		DisableScriptedObjects (7ms)
		BackupInstance (0ms)
		ReleaseScriptingObjects (0ms)
		CreateAndSetChildDomain (42ms)
	RebuildCommonClasses (48ms)
	RebuildNativeTypeToScriptingClass (14ms)
	initialDomainReloadingComplete (77ms)
	LoadAllAssembliesAndSetupDomain (865ms)
		LoadAssemblies (754ms)
		RebuildTransferFunctionScriptingTraits (0ms)
		AnalyzeDomain (285ms)
			TypeCache.Refresh (250ms)
				TypeCache.ScanAssembly (221ms)
			ScanForSourceGeneratedMonoScriptInfo (26ms)
			ResolveRequiredComponents (7ms)
	FinalizeReload (899ms)
		ReleaseScriptCaches (0ms)
		RebuildScriptCaches (0ms)
		SetupLoadedEditorAssemblies (634ms)
			LogAssemblyErrors (0ms)
			InitializePlatformSupportModulesInManaged (15ms)
			SetLoadedEditorAssemblies (8ms)
			RefreshPlugins (0ms)
			BeforeProcessingInitializeOnLoad (92ms)
			ProcessInitializeOnLoadAttributes (478ms)
			ProcessInitializeOnLoadMethodAttributes (28ms)
			AfterProcessingInitializeOnLoad (13ms)
			EditorAssembliesLoaded (0ms)
		ExecutionOrderSort2 (0ms)
		AwakeInstancesAfterBackupRestoration (7ms)
Launched and connected shader compiler UnityShaderCompiler.exe after 0.13 seconds
Refreshing native plugins compatible for Editor in 10.52 ms, found 3 plugins.
Preloading 0 native plugins for Editor in 0.00 ms.
Unloading 3126 Unused Serialized files (Serialized files now loaded: 0)
Unloading 32 unused Assets / (57.6 KB). Loaded Objects now: 3605.
Memory consumption went from 138.3 MB to 138.2 MB.
Total: 8.312600 ms (FindLiveObjects: 1.131800 ms CreateObjectMapping: 0.386600 ms MarkObjects: 6.417000 ms  DeleteObjects: 0.373600 ms)

AssetImportParameters requested are different than current active one (requested -> active):
  custom:container-demuxer-ogg: 62fdf1f143b41e24485cea50d1cbac27 -> 
  custom:video-decoder-ogg-theora: a1e56fd34408186e4bbccfd4996cb3dc -> 
  custom:framework-win-MediaFoundation: 216162199b28c13a410421893ffa2e32 -> 
  custom:CustomObjectIndexerAttribute: 9a22284fe3817be447336de3de66b15e -> 
  custom:container-demuxer-webm: 4f35f7cbe854078d1ac9338744f61a02 -> 
  custom:container-muxer-webm: aa71ff27fc2769a1b78a27578f13a17b -> 
  custom:video-decoder-webm-vp8: 9c59270c3fd7afecdb556c50c9e8de78 -> 
  custom:SearchIndexIgnoredProperties: e643bd26f0fe6173181afceb89e7c659 -> 
  custom:AudioImporter_EditorPlatform: d09bf68614088b80899f8185d706f6e7 -> 
  custom:video-encoder-webm-vp8: eb34c28f22e8b96e1ab97ce403110664 -> 
  custom:audio-decoder-ogg-vorbis: bf7c407c2cedff20999df2af8eb42d56 -> 
  custom:audio-encoder-webm-vorbis: bf7c407c2cedff20999df2af8eb42d56 -> 
========================================================================
Received Import Request.
  Time since last request: 502308.532857 seconds.
  path: Assets/UI pack/Button/Green gradient.png
  artifactKey: Guid(040be0e474e09894ca320b08d9462cc8) Importer(815301076,1909f56bfc062723c751e8b465ee728b)
Start importing Assets/UI pack/Button/Green gradient.png using Guid(040be0e474e09894ca320b08d9462cc8) Importer(815301076,1909f56bfc062723c751e8b465ee728b)  -> (artifact id: 'a355341fb284c7bd0f61b1e35b80f9b5') in 0.220812 seconds
Number of updated asset objects reloaded before import = 0
Number of asset objects unloaded after import = 3
========================================================================
Received Import Request.
  Time since last request: 0.000115 seconds.
  path: Assets/UI pack/Button
  artifactKey: Guid(5440ba8d47ee3d8428b8d141f3434d5d) Importer(815301076,1909f56bfc062723c751e8b465ee728b)
Start importing Assets/UI pack/Button using Guid(5440ba8d47ee3d8428b8d141f3434d5d) Importer(815301076,1909f56bfc062723c751e8b465ee728b)  -> (artifact id: '697b6bc9ebd58b690ac5bb7b66705bec') in 0.001642 seconds
Number of updated asset objects reloaded before import = 0
Number of asset objects unloaded after import = 0
========================================================================
Received Import Request.
  Time since last request: 0.000056 seconds.
  path: Assets/UI pack/Button/Red gradient.png
  artifactKey: Guid(28c51f93b6260224c867f45f411a0e85) Importer(815301076,1909f56bfc062723c751e8b465ee728b)
Start importing Assets/UI pack/Button/Red gradient.png using Guid(28c51f93b6260224c867f45f411a0e85) Importer(815301076,1909f56bfc062723c751e8b465ee728b)  -> (artifact id: '0bdb8f584cead43056d10d67cdf15beb') in 0.029040 seconds
Number of updated asset objects reloaded before import = 0
Number of asset objects unloaded after import = 3
========================================================================
Received Import Request.
  Time since last request: 0.000063 seconds.
  path: Assets/UI pack/Button/Blue outline gradient.png
  artifactKey: Guid(7179ab86b28b8184e8b74e3a0b7fa821) Importer(815301076,1909f56bfc062723c751e8b465ee728b)
Start importing Assets/UI pack/Button/Blue outline gradient.png using Guid(7179ab86b28b8184e8b74e3a0b7fa821) Importer(815301076,1909f56bfc062723c751e8b465ee728b)  -> (artifact id: '942a78e61bf9a13c063395c9aca026db') in 0.024687 seconds
Number of updated asset objects reloaded before import = 0
Number of asset objects unloaded after import = 3
========================================================================
Received Import Request.
  Time since last request: 0.000032 seconds.
  path: Assets/UI pack/Button/Green outline gradient.png
  artifactKey: Guid(f9f25bb6be8733f4894d60fe54097b1d) Importer(815301076,1909f56bfc062723c751e8b465ee728b)
Start importing Assets/UI pack/Button/Green outline gradient.png using Guid(f9f25bb6be8733f4894d60fe54097b1d) Importer(815301076,1909f56bfc062723c751e8b465ee728b)  -> (artifact id: 'a1bd3cb74ba13a53cf70d9b8c8e30535') in 0.024185 seconds
Number of updated asset objects reloaded before import = 0
Number of asset objects unloaded after import = 3
========================================================================
Received Import Request.
  Time since last request: 15.392644 seconds.
  path: Assets/Sci-Fi UI/_SciFi_GUISkin_/SciFi_Skin.guiskin
  artifactKey: Guid(9705c0e7595e14d42bcd9e476468d8d7) Importer(815301076,1909f56bfc062723c751e8b465ee728b)
Start importing Assets/Sci-Fi UI/_SciFi_GUISkin_/SciFi_Skin.guiskin using Guid(9705c0e7595e14d42bcd9e476468d8d7) Importer(815301076,1909f56bfc062723c751e8b465ee728b)  -> (artifact id: 'f87f30619aab7178fa435493107e2dff') in 0.016619 seconds
Number of updated asset objects reloaded before import = 0
Number of asset objects unloaded after import = 3
========================================================================
Received Import Request.
  Time since last request: 6.144028 seconds.
  path: Assets/Sci-Fi UI/_SciFi_GUISkin_/Skin_Assets/window/window_transparent1.png
  artifactKey: Guid(78e3daf76621d66448e594d6993adbd8) Importer(815301076,1909f56bfc062723c751e8b465ee728b)
Start importing Assets/Sci-Fi UI/_SciFi_GUISkin_/Skin_Assets/window/window_transparent1.png using Guid(78e3daf76621d66448e594d6993adbd8) Importer(815301076,1909f56bfc062723c751e8b465ee728b)  -> (artifact id: 'e0880a5e2973b494d714454c254d8dba') in 0.021810 seconds
Number of updated asset objects reloaded before import = 0
Number of asset objects unloaded after import = 2
========================================================================
Received Import Request.
  Time since last request: 8.902848 seconds.
  path: Assets/AllSkyFree/Cold Night/Cold Night Equirect.mat
  artifactKey: Guid(eac2ef371405749e0bd050b4c3272f16) Importer(815301076,1909f56bfc062723c751e8b465ee728b)
Start importing Assets/AllSkyFree/Cold Night/Cold Night Equirect.mat using Guid(eac2ef371405749e0bd050b4c3272f16) Importer(815301076,1909f56bfc062723c751e8b465ee728b)  -> (artifact id: 'da9587500e6c3f43bebe96b7dd59b3d7') in 0.278085 seconds
Number of updated asset objects reloaded before import = 0
Number of asset objects unloaded after import = 2
========================================================================
Received Import Request.
  Time since last request: 0.000065 seconds.
  path: Assets/AllSkyFree/Cold Night/Cold Night__Cam_5_Down-Y.png
  artifactKey: Guid(8cab6aa3331da40e68754e2214ce08fa) Importer(815301076,1909f56bfc062723c751e8b465ee728b)
Start importing Assets/AllSkyFree/Cold Night/Cold Night__Cam_5_Down-Y.png using Guid(8cab6aa3331da40e68754e2214ce08fa) Importer(815301076,1909f56bfc062723c751e8b465ee728b)  -> (artifact id: '021d595a98828b772d089016edb20f26') in 0.030107 seconds
Number of updated asset objects reloaded before import = 0
Number of asset objects unloaded after import = 2
========================================================================
Received Import Request.
  Time since last request: 0.000079 seconds.
  path: Assets/AllSkyFree/Cold Night/Cold Night__Cam_3_Right-X.png
  artifactKey: Guid(2b201733d2df84602b3020984df58790) Importer(815301076,1909f56bfc062723c751e8b465ee728b)
Start importing Assets/AllSkyFree/Cold Night/Cold Night__Cam_3_Right-X.png using Guid(2b201733d2df84602b3020984df58790) Importer(815301076,1909f56bfc062723c751e8b465ee728b)  -> (artifact id: 'fc8aca1b9619c45b5045e600921537b2') in 0.030131 seconds
Number of updated asset objects reloaded before import = 0
Number of asset objects unloaded after import = 2
========================================================================
Received Import Request.
  Time since last request: 131.494444 seconds.
  path: Assets/space background.jpg
  artifactKey: Guid(d26fdd307cec04642b18c8563d9d0639) Importer(815301076,1909f56bfc062723c751e8b465ee728b)
Start importing Assets/space background.jpg using Guid(d26fdd307cec04642b18c8563d9d0639) Importer(815301076,1909f56bfc062723c751e8b465ee728b)  -> (artifact id: '7f04a1cf0beb925e0f73b7237ea97fb7') in 0.011702 seconds
Number of updated asset objects reloaded before import = 0
Number of asset objects unloaded after import = 2
========================================================================
Received Import Request.
  Time since last request: 31.599291 seconds.
  path: Assets/UI button pack 2/Red/ZOOM-OUT-RED.png
  artifactKey: Guid(3225d741746e6e448ba1fb31baafb12d) Importer(815301076,1909f56bfc062723c751e8b465ee728b)
Start importing Assets/UI button pack 2/Red/ZOOM-OUT-RED.png using Guid(3225d741746e6e448ba1fb31baafb12d) Importer(815301076,1909f56bfc062723c751e8b465ee728b)  -> (artifact id: 'fdc3b30a3ca46ab620d7083804e15814') in 0.026508 seconds
Number of updated asset objects reloaded before import = 0
Number of asset objects unloaded after import = 3
========================================================================
Received Import Request.
  Time since last request: 2.887673 seconds.
  path: Assets/UI button pack 2/Orange/zoom-out-orange.png
  artifactKey: Guid(76718171661c6d941877ae92407fb411) Importer(815301076,1909f56bfc062723c751e8b465ee728b)
Start importing Assets/UI button pack 2/Orange/zoom-out-orange.png using Guid(76718171661c6d941877ae92407fb411) Importer(815301076,1909f56bfc062723c751e8b465ee728b)  -> (artifact id: '250b154c745548f0d4630f5cd1a8917d') in 0.018844 seconds
Number of updated asset objects reloaded before import = 0
Number of asset objects unloaded after import = 3
========================================================================
Received Import Request.
  Time since last request: 0.062974 seconds.
  path: Assets/UI button pack 2/brown/ZOOM-OUT-BROWN.png
  artifactKey: Guid(ff7ccc960e70bc74495b5a0ff666fada) Importer(815301076,1909f56bfc062723c751e8b465ee728b)
Start importing Assets/UI button pack 2/brown/ZOOM-OUT-BROWN.png using Guid(ff7ccc960e70bc74495b5a0ff666fada) Importer(815301076,1909f56bfc062723c751e8b465ee728b)  -> (artifact id: '836590ba600cf84c46677f3ddb81e8ee') in 0.019396 seconds
Number of updated asset objects reloaded before import = 0
Number of asset objects unloaded after import = 3
========================================================================
Received Import Request.
  Time since last request: 0.606333 seconds.
  path: Assets/UI button pack 2/Purple/zoom-out PINK.png
  artifactKey: Guid(8263ad44f53d4214a983d1d5e407b086) Importer(815301076,1909f56bfc062723c751e8b465ee728b)
Start importing Assets/UI button pack 2/Purple/zoom-out PINK.png using Guid(8263ad44f53d4214a983d1d5e407b086) Importer(815301076,1909f56bfc062723c751e8b465ee728b)  -> (artifact id: 'cf997d9dacc64afbe659a0b992de6311') in 0.020649 seconds
Number of updated asset objects reloaded before import = 0
Number of asset objects unloaded after import = 3
========================================================================
Received Import Request.
  Time since last request: 0.028332 seconds.
  path: Assets/UI button pack 2/Purple/zoom-in-pink.png
  artifactKey: Guid(09e6cc4b3df347a4ba7bbc69acc11130) Importer(815301076,1909f56bfc062723c751e8b465ee728b)
Start importing Assets/UI button pack 2/Purple/zoom-in-pink.png using Guid(09e6cc4b3df347a4ba7bbc69acc11130) Importer(815301076,1909f56bfc062723c751e8b465ee728b)  -> (artifact id: 'ee3080387971bfa36552605b78bae841') in 0.019016 seconds
Number of updated asset objects reloaded before import = 0
Number of asset objects unloaded after import = 3
========================================================================
Received Import Request.
  Time since last request: 0.000050 seconds.
  path: Assets/UI button pack 2/Orange/zoom-in-orange.png
  artifactKey: Guid(8687cd92657303c41944598ddcbfb887) Importer(815301076,1909f56bfc062723c751e8b465ee728b)
Start importing Assets/UI button pack 2/Orange/zoom-in-orange.png using Guid(8687cd92657303c41944598ddcbfb887) Importer(815301076,1909f56bfc062723c751e8b465ee728b)  -> (artifact id: '6b7ec7b8707dd7a2367c1bc8a51f59cf') in 0.023960 seconds
Number of updated asset objects reloaded before import = 0
Number of asset objects unloaded after import = 3
========================================================================
Received Import Request.
  Time since last request: 0.373678 seconds.
  path: Assets/UI button pack 2/Black/ZOOM-BLACK.png
  artifactKey: Guid(09d49f70e15fc5a43b47190fda812b98) Importer(815301076,1909f56bfc062723c751e8b465ee728b)
Start importing Assets/UI button pack 2/Black/ZOOM-BLACK.png using Guid(09d49f70e15fc5a43b47190fda812b98) Importer(815301076,1909f56bfc062723c751e8b465ee728b)  -> (artifact id: 'd6603e7a6e17f9f8ca1f00caa7d70f9d') in 0.019599 seconds
Number of updated asset objects reloaded before import = 0
Number of asset objects unloaded after import = 3
========================================================================
Received Import Request.
  Time since last request: 0.000031 seconds.
  path: Assets/UI button pack 2/Red/ZOOM IN RED.png
  artifactKey: Guid(40da72e1c5bd8cd46b091c51cd3b30e9) Importer(815301076,1909f56bfc062723c751e8b465ee728b)
Start importing Assets/UI button pack 2/Red/ZOOM IN RED.png using Guid(40da72e1c5bd8cd46b091c51cd3b30e9) Importer(815301076,1909f56bfc062723c751e8b465ee728b)  -> (artifact id: 'db915e2ed4a9b144c6bded8b01c9802e') in 0.019495 seconds
Number of updated asset objects reloaded before import = 0
Number of asset objects unloaded after import = 3
========================================================================
Received Import Request.
  Time since last request: 0.042689 seconds.
  path: Assets/UI button pack 2/Blue/WIDESCREEN-BLUE.png
  artifactKey: Guid(59470c7130322a64eaf23c699423ac60) Importer(815301076,1909f56bfc062723c751e8b465ee728b)
Start importing Assets/UI button pack 2/Blue/WIDESCREEN-BLUE.png using Guid(59470c7130322a64eaf23c699423ac60) Importer(815301076,1909f56bfc062723c751e8b465ee728b)  -> (artifact id: '9c97a05b6855f8b34362ee560a6a97a3') in 0.019275 seconds
Number of updated asset objects reloaded before import = 0
Number of asset objects unloaded after import = 3
========================================================================
Received Import Request.
  Time since last request: 0.000030 seconds.
  path: Assets/UI button pack 2/Light Blue/widescreen-2.png
  artifactKey: Guid(9b42066430f488f41a4d920a114c7ec9) Importer(815301076,1909f56bfc062723c751e8b465ee728b)
Start importing Assets/UI button pack 2/Light Blue/widescreen-2.png using Guid(9b42066430f488f41a4d920a114c7ec9) Importer(815301076,1909f56bfc062723c751e8b465ee728b)  -> (artifact id: '91966960704bea22bfc12a1881df3525') in 0.020902 seconds
Number of updated asset objects reloaded before import = 0
Number of asset objects unloaded after import = 3
========================================================================
Received Import Request.
  Time since last request: 0.278168 seconds.
  path: Assets/UI button pack 2/Red/WIDE-RED.png
  artifactKey: Guid(10863d375edbe1843b0b88dcfc78e8d3) Importer(815301076,1909f56bfc062723c751e8b465ee728b)
Start importing Assets/UI button pack 2/Red/WIDE-RED.png using Guid(10863d375edbe1843b0b88dcfc78e8d3) Importer(815301076,1909f56bfc062723c751e8b465ee728b)  -> (artifact id: 'fafb87845aee501688949da7718df05f') in 0.018178 seconds
Number of updated asset objects reloaded before import = 0
Number of asset objects unloaded after import = 3
========================================================================
Received Import Request.
  Time since last request: 0.939491 seconds.
  path: Assets/UI button pack 2/Purple/widescreen pink.png
  artifactKey: Guid(a2f251559c08c5641b0ff75e019a2852) Importer(815301076,1909f56bfc062723c751e8b465ee728b)
Start importing Assets/UI button pack 2/Purple/widescreen pink.png using Guid(a2f251559c08c5641b0ff75e019a2852) Importer(815301076,1909f56bfc062723c751e8b465ee728b)  -> (artifact id: 'c07bc6eaaa115788a385ca83a51826ef') in 0.035855 seconds
Number of updated asset objects reloaded before import = 0
Number of asset objects unloaded after import = 3
========================================================================
Received Import Request.
  Time since last request: 0.000069 seconds.
  path: Assets/UI button pack 2/Voilet/WIDE-PURPLE.png
  artifactKey: Guid(33142c8307262904c894531562f515e1) Importer(815301076,1909f56bfc062723c751e8b465ee728b)
Start importing Assets/UI button pack 2/Voilet/WIDE-PURPLE.png using Guid(33142c8307262904c894531562f515e1) Importer(815301076,1909f56bfc062723c751e8b465ee728b)  -> (artifact id: 'b49f68c6b5a97dbc884de4650102e388') in 0.024038 seconds
Number of updated asset objects reloaded before import = 0
Number of asset objects unloaded after import = 3
========================================================================
Received Import Request.
  Time since last request: 0.000053 seconds.
  path: Assets/UI button pack 2/Red/UP-RED.png
  artifactKey: Guid(bfef7cf9ae6c2b3479d3477e26eafe90) Importer(815301076,1909f56bfc062723c751e8b465ee728b)
Start importing Assets/UI button pack 2/Red/UP-RED.png using Guid(bfef7cf9ae6c2b3479d3477e26eafe90) Importer(815301076,1909f56bfc062723c751e8b465ee728b)  -> (artifact id: '2360642d9394e3567a72814f3e4e9200') in 0.022121 seconds
Number of updated asset objects reloaded before import = 0
Number of asset objects unloaded after import = 3
========================================================================
Received Import Request.
  Time since last request: 0.000131 seconds.
  path: Assets/UI button pack 2/Red/upgarde-red.png
  artifactKey: Guid(464415490cec93343a789e381352f161) Importer(815301076,1909f56bfc062723c751e8b465ee728b)
Start importing Assets/UI button pack 2/Red/upgarde-red.png using Guid(464415490cec93343a789e381352f161) Importer(815301076,1909f56bfc062723c751e8b465ee728b)  -> (artifact id: '6a9b737d77432fc1932d4ecadaeda255') in 0.028937 seconds
Number of updated asset objects reloaded before import = 0
Number of asset objects unloaded after import = 3
========================================================================
Received Import Request.
  Time since last request: 0.000049 seconds.
  path: Assets/UI button pack 2/Marron/UP-RED.png
  artifactKey: Guid(156129d3f8c3dc84aa1fa5998722bc54) Importer(815301076,1909f56bfc062723c751e8b465ee728b)
Start importing Assets/UI button pack 2/Marron/UP-RED.png using Guid(156129d3f8c3dc84aa1fa5998722bc54) Importer(815301076,1909f56bfc062723c751e8b465ee728b)  -> (artifact id: 'b76d2a8b994cc875fb798cd6867fab5e') in 0.031781 seconds
Number of updated asset objects reloaded before import = 0
Number of asset objects unloaded after import = 3
========================================================================
Received Import Request.
  Time since last request: 0.000039 seconds.
  path: Assets/UI button pack 2/Pink/UPGRADE-1.png
  artifactKey: Guid(408d918896297fa40885b0edd93d0af9) Importer(815301076,1909f56bfc062723c751e8b465ee728b)
Start importing Assets/UI button pack 2/Pink/UPGRADE-1.png using Guid(408d918896297fa40885b0edd93d0af9) Importer(815301076,1909f56bfc062723c751e8b465ee728b)  -> (artifact id: '047d6d75e79b96b184aaa5b5b61a29ac') in 0.025614 seconds
Number of updated asset objects reloaded before import = 0
Number of asset objects unloaded after import = 3
Editor requested this worker to shutdown with reason: Scaling down because of idle timeout
TcpMessagingSession - receive error: operation aborted. errorcode: 995, details: The I/O operation has been aborted because of either a thread exit or an application request.
AssetImportWorker is now disconnected from the server
Process exiting
Exiting without the bug reporter. Application will terminate with return code 0