Using pre-set license
Built from '2022.3/staging' branch; Version is '2022.3.21f1 (bf09ca542b87) revision 12519882'; Using compiler version '192829333'; Build Type 'Release'
OS: 'Windows 11  (10.0.22631) 64bit CoreSingleLanguage' Language: 'en' Physical Memory: 7599 MB
BatchMode: 1, IsHumanControllingUs: 0, StartBugReporterOnCrash: 0, Is64bit: 1, IsPro: 1

COMMAND LINE ARGUMENTS:
C:\Program Files\Unity 2022.3.21f1\Editor\Unity.exe
-adb2
-batchMode
-noUpm
-name
AssetImportWorker1
-projectPath
C:/Users/esihl/OneDrive/Documents/GitHub/VOID-RUNNER-v3.0/voidRunner3.0
-logFile
Logs/AssetImportWorker1.log
-srvPort
61773
Successfully changed project path to: C:/Users/esihl/OneDrive/Documents/GitHub/VOID-RUNNER-v3.0/voidRunner3.0
C:/Users/esihl/OneDrive/Documents/GitHub/VOID-RUNNER-v3.0/voidRunner3.0
[UnityMemory] Configuration Parameters - Can be set up in boot.config
    "memorysetup-bucket-allocator-granularity=16"
    "memorysetup-bucket-allocator-bucket-count=8"
    "memorysetup-bucket-allocator-block-size=33554432"
    "memorysetup-bucket-allocator-block-count=8"
    "memorysetup-main-allocator-block-size=16777216"
    "memorysetup-thread-allocator-block-size=16777216"
    "memorysetup-gfx-main-allocator-block-size=16777216"
    "memorysetup-gfx-thread-allocator-block-size=16777216"
    "memorysetup-cache-allocator-block-size=4194304"
    "memorysetup-typetree-allocator-block-size=2097152"
    "memorysetup-profiler-bucket-allocator-granularity=16"
    "memorysetup-profiler-bucket-allocator-bucket-count=8"
    "memorysetup-profiler-bucket-allocator-block-size=33554432"
    "memorysetup-profiler-bucket-allocator-block-count=8"
    "memorysetup-profiler-allocator-block-size=16777216"
    "memorysetup-profiler-editor-allocator-block-size=1048576"
    "memorysetup-temp-allocator-size-main=16777216"
    "memorysetup-job-temp-allocator-block-size=2097152"
    "memorysetup-job-temp-allocator-block-size-background=1048576"
    "memorysetup-job-temp-allocator-reduction-small-platforms=262144"
    "memorysetup-allocator-temp-initial-block-size-main=262144"
    "memorysetup-allocator-temp-initial-block-size-worker=262144"
    "memorysetup-temp-allocator-size-background-worker=32768"
    "memorysetup-temp-allocator-size-job-worker=262144"
    "memorysetup-temp-allocator-size-preload-manager=33554432"
    "memorysetup-temp-allocator-size-nav-mesh-worker=65536"
    "memorysetup-temp-allocator-size-audio-worker=65536"
    "memorysetup-temp-allocator-size-cloud-worker=32768"
    "memorysetup-temp-allocator-size-gi-baking-worker=262144"
    "memorysetup-temp-allocator-size-gfx=262144"
Player connection [27008] Host "[IP] 192.168.1.56 [Port] 0 [Flags] 2 [Guid] 186528963 [EditorId] 186528963 [Version] 1048832 [Id] WindowsEditor(7,LAPTOP-ND836E6J) [Debug] 1 [PackageName] WindowsEditor [ProjectName] Editor" joined multi-casting on [225.0.0.222:54997]...

Player connection [27008] Host "[IP] 192.168.1.56 [Port] 0 [Flags] 2 [Guid] 186528963 [EditorId] 186528963 [Version] 1048832 [Id] WindowsEditor(7,LAPTOP-ND836E6J) [Debug] 1 [PackageName] WindowsEditor [ProjectName] Editor" joined alternative multi-casting on [225.0.0.222:34997]...

[Physics::Module] Initialized MultithreadedJobDispatcher with 11 workers.
Refreshing native plugins compatible for Editor in 18.54 ms, found 3 plugins.
Preloading 0 native plugins for Editor in 0.00 ms.
Initialize engine version: 2022.3.21f1 (bf09ca542b87)
[Subsystems] Discovering subsystems at path C:/Program Files/Unity 2022.3.21f1/Editor/Data/Resources/UnitySubsystems
[Subsystems] Discovering subsystems at path C:/Users/esihl/OneDrive/Documents/GitHub/VOID-RUNNER-v3.0/voidRunner3.0/Assets
GfxDevice: creating device client; threaded=0; jobified=0
Direct3D:
    Version:  Direct3D 11.0 [level 11.1]
    Renderer: AMD Radeon(TM) Graphics (ID=0x1636)
    Vendor:   ATI
    VRAM:     3799 MB
    Driver:   31.0.12044.62001
Initialize mono
Mono path[0] = 'C:/Program Files/Unity 2022.3.21f1/Editor/Data/Managed'
Mono path[1] = 'C:/Program Files/Unity 2022.3.21f1/Editor/Data/MonoBleedingEdge/lib/mono/unityjit-win32'
Mono config path = 'C:/Program Files/Unity 2022.3.21f1/Editor/Data/MonoBleedingEdge/etc'
Using monoOptions --debugger-agent=transport=dt_socket,embedding=1,server=y,suspend=n,address=127.0.0.1:56268
Begin MonoManager ReloadAssembly
Registering precompiled unity dll's ...
Register platform support module: C:/Program Files/Unity 2022.3.21f1/Editor/Data/PlaybackEngines/WindowsStandaloneSupport/UnityEditor.WindowsStandalone.Extensions.dll
Registered in 0.020078 seconds.
- Loaded All Assemblies, in  0.782 seconds
Native extension for WindowsStandalone target not found
Mono: successfully reloaded assembly
- Finished resetting the current domain, in  0.569 seconds
Domain Reload Profiling: 1347ms
	BeginReloadAssembly (272ms)
		ExecutionOrderSort (0ms)
		DisableScriptedObjects (0ms)
		BackupInstance (0ms)
		ReleaseScriptingObjects (0ms)
		CreateAndSetChildDomain (2ms)
	RebuildCommonClasses (64ms)
	RebuildNativeTypeToScriptingClass (15ms)
	initialDomainReloadingComplete (135ms)
	LoadAllAssembliesAndSetupDomain (291ms)
		LoadAssemblies (266ms)
		RebuildTransferFunctionScriptingTraits (0ms)
		AnalyzeDomain (285ms)
			TypeCache.Refresh (282ms)
				TypeCache.ScanAssembly (250ms)
			ScanForSourceGeneratedMonoScriptInfo (1ms)
			ResolveRequiredComponents (1ms)
	FinalizeReload (570ms)
		ReleaseScriptCaches (0ms)
		RebuildScriptCaches (0ms)
		SetupLoadedEditorAssemblies (453ms)
			LogAssemblyErrors (0ms)
			InitializePlatformSupportModulesInManaged (16ms)
			SetLoadedEditorAssemblies (13ms)
			RefreshPlugins (0ms)
			BeforeProcessingInitializeOnLoad (5ms)
			ProcessInitializeOnLoadAttributes (323ms)
			ProcessInitializeOnLoadMethodAttributes (95ms)
			AfterProcessingInitializeOnLoad (0ms)
			EditorAssembliesLoaded (0ms)
		ExecutionOrderSort2 (0ms)
		AwakeInstancesAfterBackupRestoration (0ms)
========================================================================
Worker process is ready to serve import requests
Begin MonoManager ReloadAssembly
- Loaded All Assemblies, in  1.276 seconds
Refreshing native plugins compatible for Editor in 10.63 ms, found 3 plugins.
Native extension for WindowsStandalone target not found
Package Manager log level set to [2]
[Package Manager] Server::EnsureServerProcessIsRunning -- launch failed, reason: Unity was launched with the -noUpm command-line argument
[Package Manager] UpmClient::Send -- Unable to send message (not connected to UPM process).
[Package Manager] Cannot connect to Unity Package Manager local server
Mono: successfully reloaded assembly
- Finished resetting the current domain, in  0.934 seconds
Domain Reload Profiling: 2205ms
	BeginReloadAssembly (279ms)
		ExecutionOrderSort (0ms)
		DisableScriptedObjects (7ms)
		BackupInstance (0ms)
		ReleaseScriptingObjects (0ms)
		CreateAndSetChildDomain (44ms)
	RebuildCommonClasses (51ms)
	RebuildNativeTypeToScriptingClass (14ms)
	initialDomainReloadingComplete (76ms)
	LoadAllAssembliesAndSetupDomain (850ms)
		LoadAssemblies (734ms)
		RebuildTransferFunctionScriptingTraits (0ms)
		AnalyzeDomain (280ms)
			TypeCache.Refresh (248ms)
				TypeCache.ScanAssembly (220ms)
			ScanForSourceGeneratedMonoScriptInfo (25ms)
			ResolveRequiredComponents (5ms)
	FinalizeReload (935ms)
		ReleaseScriptCaches (0ms)
		RebuildScriptCaches (0ms)
		SetupLoadedEditorAssemblies (685ms)
			LogAssemblyErrors (0ms)
			InitializePlatformSupportModulesInManaged (10ms)
			SetLoadedEditorAssemblies (6ms)
			RefreshPlugins (0ms)
			BeforeProcessingInitializeOnLoad (93ms)
			ProcessInitializeOnLoadAttributes (536ms)
			ProcessInitializeOnLoadMethodAttributes (27ms)
			AfterProcessingInitializeOnLoad (12ms)
			EditorAssembliesLoaded (0ms)
		ExecutionOrderSort2 (0ms)
		AwakeInstancesAfterBackupRestoration (7ms)
Launched and connected shader compiler UnityShaderCompiler.exe after 0.09 seconds
Refreshing native plugins compatible for Editor in 9.77 ms, found 3 plugins.
Preloading 0 native plugins for Editor in 0.00 ms.
Unloading 3126 Unused Serialized files (Serialized files now loaded: 0)
Unloading 32 unused Assets / (57.4 KB). Loaded Objects now: 3605.
Memory consumption went from 138.2 MB to 138.1 MB.
Total: 6.599200 ms (FindLiveObjects: 0.774300 ms CreateObjectMapping: 0.307600 ms MarkObjects: 5.232200 ms  DeleteObjects: 0.283300 ms)

AssetImportParameters requested are different than current active one (requested -> active):
  custom:container-demuxer-ogg: 62fdf1f143b41e24485cea50d1cbac27 -> 
  custom:video-decoder-ogg-theora: a1e56fd34408186e4bbccfd4996cb3dc -> 
  custom:framework-win-MediaFoundation: 216162199b28c13a410421893ffa2e32 -> 
  custom:CustomObjectIndexerAttribute: 9a22284fe3817be447336de3de66b15e -> 
  custom:container-demuxer-webm: 4f35f7cbe854078d1ac9338744f61a02 -> 
  custom:container-muxer-webm: aa71ff27fc2769a1b78a27578f13a17b -> 
  custom:video-decoder-webm-vp8: 9c59270c3fd7afecdb556c50c9e8de78 -> 
  custom:SearchIndexIgnoredProperties: e643bd26f0fe6173181afceb89e7c659 -> 
  custom:AudioImporter_EditorPlatform: d09bf68614088b80899f8185d706f6e7 -> 
  custom:video-encoder-webm-vp8: eb34c28f22e8b96e1ab97ce403110664 -> 
  custom:audio-decoder-ogg-vorbis: bf7c407c2cedff20999df2af8eb42d56 -> 
  custom:audio-encoder-webm-vorbis: bf7c407c2cedff20999df2af8eb42d56 -> 
========================================================================
Received Import Request.
  Time since last request: 502308.532531 seconds.
  path: Assets/UI pack/Button/Blue gradient.png
  artifactKey: Guid(60cfd84ae231a4943b3f0f6cf0dcf409) Importer(815301076,1909f56bfc062723c751e8b465ee728b)
Start importing Assets/UI pack/Button/Blue gradient.png using Guid(60cfd84ae231a4943b3f0f6cf0dcf409) Importer(815301076,1909f56bfc062723c751e8b465ee728b)  -> (artifact id: '3998204c879bd20cd1b24f78742488e6') in 0.220865 seconds
Number of updated asset objects reloaded before import = 0
Number of asset objects unloaded after import = 3
========================================================================
Received Import Request.
  Time since last request: 0.000096 seconds.
  path: Assets/UI pack/Button/Orange gradient.png
  artifactKey: Guid(1258ac417dd158a48b05eeedb739c469) Importer(815301076,1909f56bfc062723c751e8b465ee728b)
Start importing Assets/UI pack/Button/Orange gradient.png using Guid(1258ac417dd158a48b05eeedb739c469) Importer(815301076,1909f56bfc062723c751e8b465ee728b)  -> (artifact id: 'ac55e3911c3391ff2778b7124ec3ecc0') in 0.029543 seconds
Number of updated asset objects reloaded before import = 0
Number of asset objects unloaded after import = 3
========================================================================
Received Import Request.
  Time since last request: 0.000050 seconds.
  path: Assets/UI pack
  artifactKey: Guid(35c23613b0f428542ab25ab017fc9170) Importer(815301076,1909f56bfc062723c751e8b465ee728b)
Start importing Assets/UI pack using Guid(35c23613b0f428542ab25ab017fc9170) Importer(815301076,1909f56bfc062723c751e8b465ee728b)  -> (artifact id: 'd26dd3d4503cbf1a2beba1d5c4821594') in 0.001710 seconds
Number of updated asset objects reloaded before import = 0
Number of asset objects unloaded after import = 0
========================================================================
Received Import Request.
  Time since last request: 0.000091 seconds.
  path: Assets/UI pack/Button/Red outline gradient.png
  artifactKey: Guid(d856e7dd0e8555f4fb29db6352b3a822) Importer(815301076,1909f56bfc062723c751e8b465ee728b)
Start importing Assets/UI pack/Button/Red outline gradient.png using Guid(d856e7dd0e8555f4fb29db6352b3a822) Importer(815301076,1909f56bfc062723c751e8b465ee728b)  -> (artifact id: 'bea6f12d73836f7f858e5071e8075b17') in 0.021981 seconds
Number of updated asset objects reloaded before import = 0
Number of asset objects unloaded after import = 3
========================================================================
Received Import Request.
  Time since last request: 30.511479 seconds.
  path: Assets/AllSkyFree/Cold Night/Cold Night Equirect.png
  artifactKey: Guid(97259d0c0ea9f491692be825da27978a) Importer(815301076,1909f56bfc062723c751e8b465ee728b)
Start importing Assets/AllSkyFree/Cold Night/Cold Night Equirect.png using Guid(97259d0c0ea9f491692be825da27978a) Importer(815301076,1909f56bfc062723c751e8b465ee728b)  -> (artifact id: '1e31bf68b13c80c79132679ca340c7cf') in 0.273379 seconds
Number of updated asset objects reloaded before import = 0
Number of asset objects unloaded after import = 1
========================================================================
Received Import Request.
  Time since last request: 0.000065 seconds.
  path: Assets/AllSkyFree/Cold Night/Cold Night__Cam_4_Up+Y.png
  artifactKey: Guid(3d6928c404a7c46c3991bb1b73521d66) Importer(815301076,1909f56bfc062723c751e8b465ee728b)
Start importing Assets/AllSkyFree/Cold Night/Cold Night__Cam_4_Up+Y.png using Guid(3d6928c404a7c46c3991bb1b73521d66) Importer(815301076,1909f56bfc062723c751e8b465ee728b)  -> (artifact id: '3c86b8706d4546a39444033f1f4758fb') in 0.033438 seconds
Number of updated asset objects reloaded before import = 0
Number of asset objects unloaded after import = 2
========================================================================
Received Import Request.
  Time since last request: 0.000085 seconds.
  path: Assets/AllSkyFree/Cold Night/Cold Night__Cam_0_Front+Z.png
  artifactKey: Guid(aad96e1c2baf24d3499e2ea1426ab824) Importer(815301076,1909f56bfc062723c751e8b465ee728b)
Start importing Assets/AllSkyFree/Cold Night/Cold Night__Cam_0_Front+Z.png using Guid(aad96e1c2baf24d3499e2ea1426ab824) Importer(815301076,1909f56bfc062723c751e8b465ee728b)  -> (artifact id: 'd3c98a39612d69527af876650fb83337') in 0.030850 seconds
Number of updated asset objects reloaded before import = 0
Number of asset objects unloaded after import = 2
========================================================================
Received Import Request.
  Time since last request: 163.111470 seconds.
  path: Assets/UI button pack 2/Marron/ZOOM-OUT-RED.png
  artifactKey: Guid(f3ac8cd7afc91774db8e28dde62fa654) Importer(815301076,1909f56bfc062723c751e8b465ee728b)
Start importing Assets/UI button pack 2/Marron/ZOOM-OUT-RED.png using Guid(f3ac8cd7afc91774db8e28dde62fa654) Importer(815301076,1909f56bfc062723c751e8b465ee728b)  -> (artifact id: '21e0db159eb7bd31950ff2757c56c63e') in 0.024490 seconds
Number of updated asset objects reloaded before import = 0
Number of asset objects unloaded after import = 3
========================================================================
Received Import Request.
  Time since last request: 0.000043 seconds.
  path: Assets/UI button pack 2/Blue/zoon-in.png
  artifactKey: Guid(cbf68d2c597f6bc4a8062f7f45e7915a) Importer(815301076,1909f56bfc062723c751e8b465ee728b)
Start importing Assets/UI button pack 2/Blue/zoon-in.png using Guid(cbf68d2c597f6bc4a8062f7f45e7915a) Importer(815301076,1909f56bfc062723c751e8b465ee728b)  -> (artifact id: 'b61aecc2543946cec30c29e1afb898a0') in 0.023458 seconds
Number of updated asset objects reloaded before import = 0
Number of asset objects unloaded after import = 3
========================================================================
Received Import Request.
  Time since last request: 2.864206 seconds.
  path: Assets/UI button pack 2/Voilet/ZOOM-OUT-PURPLE.png
  artifactKey: Guid(3ee2b02d829ea3f419cfd11af18c31c0) Importer(815301076,1909f56bfc062723c751e8b465ee728b)
Start importing Assets/UI button pack 2/Voilet/ZOOM-OUT-PURPLE.png using Guid(3ee2b02d829ea3f419cfd11af18c31c0) Importer(815301076,1909f56bfc062723c751e8b465ee728b)  -> (artifact id: 'e15145b2382df1c8cd984cdc0dd579fc') in 0.043965 seconds
Number of updated asset objects reloaded before import = 0
Number of asset objects unloaded after import = 3
========================================================================
Received Import Request.
  Time since last request: 0.038377 seconds.
  path: Assets/UI button pack 2/Olive green/ZOOM-OUT-GREEN.png
  artifactKey: Guid(d6be403777b678e48b1bb792d3ecad9d) Importer(815301076,1909f56bfc062723c751e8b465ee728b)
Start importing Assets/UI button pack 2/Olive green/ZOOM-OUT-GREEN.png using Guid(d6be403777b678e48b1bb792d3ecad9d) Importer(815301076,1909f56bfc062723c751e8b465ee728b)  -> (artifact id: '9b51a92a591af914007c550887e8d550') in 0.020517 seconds
Number of updated asset objects reloaded before import = 0
Number of asset objects unloaded after import = 3
========================================================================
Received Import Request.
  Time since last request: 0.605279 seconds.
  path: Assets/UI button pack 2/Blue/zoom-out-blue.png
  artifactKey: Guid(177423671596a794387c6cb06488d764) Importer(815301076,1909f56bfc062723c751e8b465ee728b)
Start importing Assets/UI button pack 2/Blue/zoom-out-blue.png using Guid(177423671596a794387c6cb06488d764) Importer(815301076,1909f56bfc062723c751e8b465ee728b)  -> (artifact id: '80ed1e4789b64ce2aa5246affdccc215') in 0.018365 seconds
Number of updated asset objects reloaded before import = 0
Number of asset objects unloaded after import = 3
========================================================================
Received Import Request.
  Time since last request: 0.029056 seconds.
  path: Assets/UI button pack 2/Marron/ZOOM-IN-RED.png
  artifactKey: Guid(d61c9e76d19f2bd4fb322ca070b067fa) Importer(815301076,1909f56bfc062723c751e8b465ee728b)
Start importing Assets/UI button pack 2/Marron/ZOOM-IN-RED.png using Guid(d61c9e76d19f2bd4fb322ca070b067fa) Importer(815301076,1909f56bfc062723c751e8b465ee728b)  -> (artifact id: '9c8d86b897037f3fe76085d32e6ee7c1') in 0.018902 seconds
Number of updated asset objects reloaded before import = 0
Number of asset objects unloaded after import = 3
========================================================================
Received Import Request.
  Time since last request: 0.000035 seconds.
  path: Assets/UI button pack 2/Olive green/ZOOM-IN-GREEN.png
  artifactKey: Guid(7b7aa92c3952fde4d9a19a521fd9db01) Importer(815301076,1909f56bfc062723c751e8b465ee728b)
Start importing Assets/UI button pack 2/Olive green/ZOOM-IN-GREEN.png using Guid(7b7aa92c3952fde4d9a19a521fd9db01) Importer(815301076,1909f56bfc062723c751e8b465ee728b)  -> (artifact id: 'a7c97dead34e291b7f180a2e4f310c5f') in 0.024469 seconds
Number of updated asset objects reloaded before import = 0
Number of asset objects unloaded after import = 3
========================================================================
Received Import Request.
  Time since last request: 0.373366 seconds.
  path: Assets/UI button pack 2/Black/ZOOM-IN-BLACK.png
  artifactKey: Guid(2182e039c9a519a4e91f75e77184f0d7) Importer(815301076,1909f56bfc062723c751e8b465ee728b)
Start importing Assets/UI button pack 2/Black/ZOOM-IN-BLACK.png using Guid(2182e039c9a519a4e91f75e77184f0d7) Importer(815301076,1909f56bfc062723c751e8b465ee728b)  -> (artifact id: 'e3da56429d02f0237defd123e14c3763') in 0.018267 seconds
Number of updated asset objects reloaded before import = 0
Number of asset objects unloaded after import = 3
========================================================================
Received Import Request.
  Time since last request: 0.000031 seconds.
  path: Assets/UI button pack 2/Voilet/ZOOM IN PURPLE.png
  artifactKey: Guid(6e21319ea1a73e7479eb434339228c0f) Importer(815301076,1909f56bfc062723c751e8b465ee728b)
Start importing Assets/UI button pack 2/Voilet/ZOOM IN PURPLE.png using Guid(6e21319ea1a73e7479eb434339228c0f) Importer(815301076,1909f56bfc062723c751e8b465ee728b)  -> (artifact id: '0159a8eb595bd7d6a5f4952324ff043c') in 0.018097 seconds
Number of updated asset objects reloaded before import = 0
Number of asset objects unloaded after import = 3
========================================================================
Received Import Request.
  Time since last request: 0.042806 seconds.
  path: Assets/UI button pack 2/brown/ZOOM IN BROWN.png
  artifactKey: Guid(7d24bb4674cd3da40b0266b33a8eb72a) Importer(815301076,1909f56bfc062723c751e8b465ee728b)
Start importing Assets/UI button pack 2/brown/ZOOM IN BROWN.png using Guid(7d24bb4674cd3da40b0266b33a8eb72a) Importer(815301076,1909f56bfc062723c751e8b465ee728b)  -> (artifact id: 'bb0fcc2cd027e4b2e3864d4fcd4567cb') in 0.017931 seconds
Number of updated asset objects reloaded before import = 0
Number of asset objects unloaded after import = 3
========================================================================
Received Import Request.
  Time since last request: 0.000041 seconds.
  path: Assets/UI button pack 2/Lime/widescreen-3.png
  artifactKey: Guid(1849017b5dfd26b4b90ad07555bf32b1) Importer(815301076,1909f56bfc062723c751e8b465ee728b)
Start importing Assets/UI button pack 2/Lime/widescreen-3.png using Guid(1849017b5dfd26b4b90ad07555bf32b1) Importer(815301076,1909f56bfc062723c751e8b465ee728b)  -> (artifact id: '52c33f30da2c9a8a3eef54e2a706b701') in 0.021001 seconds
Number of updated asset objects reloaded before import = 0
Number of asset objects unloaded after import = 3
========================================================================
Received Import Request.
  Time since last request: 0.280695 seconds.
  path: Assets/UI button pack 2/Orange/WIDESCEEEN-ORANGE.png
  artifactKey: Guid(ed4dd3ed909bb8042b304cab0819bac8) Importer(815301076,1909f56bfc062723c751e8b465ee728b)
Start importing Assets/UI button pack 2/Orange/WIDESCEEEN-ORANGE.png using Guid(ed4dd3ed909bb8042b304cab0819bac8) Importer(815301076,1909f56bfc062723c751e8b465ee728b)  -> (artifact id: '998513e3f7c5ded32bf36d720f4e3326') in 0.016610 seconds
Number of updated asset objects reloaded before import = 0
Number of asset objects unloaded after import = 3
========================================================================
Received Import Request.
  Time since last request: 0.938600 seconds.
  path: Assets/UI button pack 2/brown/WIDE-BROWN.png
  artifactKey: Guid(866e5895254806441a0e88dd0798597b) Importer(815301076,1909f56bfc062723c751e8b465ee728b)
Start importing Assets/UI button pack 2/brown/WIDE-BROWN.png using Guid(866e5895254806441a0e88dd0798597b) Importer(815301076,1909f56bfc062723c751e8b465ee728b)  -> (artifact id: '49e70062b3914f51eff8482336877124') in 0.032210 seconds
Number of updated asset objects reloaded before import = 0
Number of asset objects unloaded after import = 3
========================================================================
Received Import Request.
  Time since last request: 0.000056 seconds.
  path: Assets/UI button pack 2/Pink/widescreen-1.png
  artifactKey: Guid(8ed14710f3e8d06428ed335e81d37560) Importer(815301076,1909f56bfc062723c751e8b465ee728b)
Start importing Assets/UI button pack 2/Pink/widescreen-1.png using Guid(8ed14710f3e8d06428ed335e81d37560) Importer(815301076,1909f56bfc062723c751e8b465ee728b)  -> (artifact id: '8196f0e3e7e7ffae85f3cc7ee18ba018') in 0.022670 seconds
Number of updated asset objects reloaded before import = 0
Number of asset objects unloaded after import = 3
========================================================================
Received Import Request.
  Time since last request: 0.000042 seconds.
  path: Assets/UI button pack 2/Voilet/UP-PURPLE.png
  artifactKey: Guid(0d3af63f0a1f93d4aa5b34b8f328ce24) Importer(815301076,1909f56bfc062723c751e8b465ee728b)
Start importing Assets/UI button pack 2/Voilet/UP-PURPLE.png using Guid(0d3af63f0a1f93d4aa5b34b8f328ce24) Importer(815301076,1909f56bfc062723c751e8b465ee728b)  -> (artifact id: '21bd0e6847bf0c1064b0a74690a078a9') in 0.024303 seconds
Number of updated asset objects reloaded before import = 0
Number of asset objects unloaded after import = 3
========================================================================
Received Import Request.
  Time since last request: 0.000038 seconds.
  path: Assets/UI button pack 2/Lime/up3.png
  artifactKey: Guid(3fe624f8871be6b41a7ff607992e0fb4) Importer(815301076,1909f56bfc062723c751e8b465ee728b)
Start importing Assets/UI button pack 2/Lime/up3.png using Guid(3fe624f8871be6b41a7ff607992e0fb4) Importer(815301076,1909f56bfc062723c751e8b465ee728b)  -> (artifact id: 'ee22d477b1985a5724dd67b988cd38d0') in 0.023581 seconds
Number of updated asset objects reloaded before import = 0
Number of asset objects unloaded after import = 3
========================================================================
Received Import Request.
  Time since last request: 0.000050 seconds.
  path: Assets/UI button pack 2/Pink/up1.png
  artifactKey: Guid(ddacf97e822af34408bf4003b2e786fe) Importer(815301076,1909f56bfc062723c751e8b465ee728b)
Start importing Assets/UI button pack 2/Pink/up1.png using Guid(ddacf97e822af34408bf4003b2e786fe) Importer(815301076,1909f56bfc062723c751e8b465ee728b)  -> (artifact id: 'a2e0aa9cb92e7bd342cca13b0bebe03d') in 0.027026 seconds
Number of updated asset objects reloaded before import = 0
Number of asset objects unloaded after import = 3
========================================================================
Received Import Request.
  Time since last request: 0.000105 seconds.
  path: Assets/UI button pack 2/Light Blue/up2.png
  artifactKey: Guid(867e52379143a5d469755422e167ef2a) Importer(815301076,1909f56bfc062723c751e8b465ee728b)
Start importing Assets/UI button pack 2/Light Blue/up2.png using Guid(867e52379143a5d469755422e167ef2a) Importer(815301076,1909f56bfc062723c751e8b465ee728b)  -> (artifact id: '32ba57c9d546376bac6d4f0a950e5da9') in 0.028131 seconds
Number of updated asset objects reloaded before import = 0
Number of asset objects unloaded after import = 3
========================================================================
Received Import Request.
  Time since last request: 0.000043 seconds.
  path: Assets/UI button pack 2/Purple/upgarde-pink.png
  artifactKey: Guid(1ccccd0ef0e4b85438c397d61b8c658f) Importer(815301076,1909f56bfc062723c751e8b465ee728b)
Start importing Assets/UI button pack 2/Purple/upgarde-pink.png using Guid(1ccccd0ef0e4b85438c397d61b8c658f) Importer(815301076,1909f56bfc062723c751e8b465ee728b)  -> (artifact id: '2897cfc086cc7641bbf81348822dc380') in 0.023320 seconds
Number of updated asset objects reloaded before import = 0
Number of asset objects unloaded after import = 3
========================================================================
Received Import Request.
  Time since last request: 102.635149 seconds.
  path: Assets/UI button pack 2/Blue/SPOND-B.png
  artifactKey: Guid(5ce7fbda67a967947b6ae1c10c568cdc) Importer(815301076,1909f56bfc062723c751e8b465ee728b)
Start importing Assets/UI button pack 2/Blue/SPOND-B.png using Guid(5ce7fbda67a967947b6ae1c10c568cdc) Importer(815301076,1909f56bfc062723c751e8b465ee728b)  -> (artifact id: '5b66363a605bf78ea8fb1203ccabb0af') in 0.022343 seconds
Number of updated asset objects reloaded before import = 0
Number of asset objects unloaded after import = 3
========================================================================
Received Import Request.
  Time since last request: 4.424463 seconds.
  path: Assets/UI button pack 2/Blue/0-b.png
  artifactKey: Guid(458add42d8f83ed45a6e4784ffbcfc6a) Importer(815301076,1909f56bfc062723c751e8b465ee728b)
Start importing Assets/UI button pack 2/Blue/0-b.png using Guid(458add42d8f83ed45a6e4784ffbcfc6a) Importer(815301076,1909f56bfc062723c751e8b465ee728b)  -> (artifact id: '8753765b43c46ce8f236ef3e28aebb97') in 0.017991 seconds
Number of updated asset objects reloaded before import = 0
Number of asset objects unloaded after import = 3
========================================================================
Received Import Request.
  Time since last request: 0.476664 seconds.
  path: Assets/UI button pack 2/Orange/0-O.png
  artifactKey: Guid(616d9a22417447c4fb5059d70476c351) Importer(815301076,1909f56bfc062723c751e8b465ee728b)
Start importing Assets/UI button pack 2/Orange/0-O.png using Guid(616d9a22417447c4fb5059d70476c351) Importer(815301076,1909f56bfc062723c751e8b465ee728b)  -> (artifact id: '1859beb0f3343b5b2671acda578cabba') in 0.291422 seconds
Number of updated asset objects reloaded before import = 0
Number of asset objects unloaded after import = 3
========================================================================
Received Import Request.
  Time since last request: 0.000042 seconds.
  path: Assets/UI button pack 2/Red/0-red.png
  artifactKey: Guid(4a4c3ba8ac95d4243b59c8e3b7bd9624) Importer(815301076,1909f56bfc062723c751e8b465ee728b)
Start importing Assets/UI button pack 2/Red/0-red.png using Guid(4a4c3ba8ac95d4243b59c8e3b7bd9624) Importer(815301076,1909f56bfc062723c751e8b465ee728b)  -> (artifact id: '4ae5978b4ceca6f094ef76ed29ec1e31') in 0.021774 seconds
Number of updated asset objects reloaded before import = 0
Number of asset objects unloaded after import = 3
========================================================================
Received Import Request.
  Time since last request: 0.000058 seconds.
  path: Assets/UI button pack 2/Voilet/0-purple.png
  artifactKey: Guid(382a318e37a17b748b460ea5992af75d) Importer(815301076,1909f56bfc062723c751e8b465ee728b)
Start importing Assets/UI button pack 2/Voilet/0-purple.png using Guid(382a318e37a17b748b460ea5992af75d) Importer(815301076,1909f56bfc062723c751e8b465ee728b)  -> (artifact id: '42c42478ad46aed232be1e55dad63171') in 0.025379 seconds
Number of updated asset objects reloaded before import = 0
Number of asset objects unloaded after import = 3
========================================================================
Received Import Request.
  Time since last request: 17.170301 seconds.
  path: Assets/Scenes/Materials/Textures/T_09_Specular.tga
  artifactKey: Guid(23cbb8ee7779285419c0b154e731c40e) Importer(815301076,1909f56bfc062723c751e8b465ee728b)
Start importing Assets/Scenes/Materials/Textures/T_09_Specular.tga using Guid(23cbb8ee7779285419c0b154e731c40e) Importer(815301076,1909f56bfc062723c751e8b465ee728b)  -> (artifact id: '7e320a84eda5269b2769bef3dfbb1e6d') in 0.020809 seconds
Number of updated asset objects reloaded before import = 0
Number of asset objects unloaded after import = 2
========================================================================
Received Import Request.
  Time since last request: 9.651413 seconds.
  path: Assets/Scenes/Prefabs/Boss Level.prefab
  artifactKey: Guid(16c7ab8a2e6c8b34fbf0b1a07b138eaf) Importer(815301076,1909f56bfc062723c751e8b465ee728b)
Start importing Assets/Scenes/Prefabs/Boss Level.prefab using Guid(16c7ab8a2e6c8b34fbf0b1a07b138eaf) Importer(815301076,1909f56bfc062723c751e8b465ee728b) Refreshing native plugins compatible for Editor in 16.32 ms, found 3 plugins.
Preloading 0 native plugins for Editor in 0.00 ms.
 -> (artifact id: 'baef7eb992fa3841ce4aa5af4a8aebaa') in 0.485791 seconds
Number of updated asset objects reloaded before import = 0
Number of asset objects unloaded after import = 679
========================================================================
Received Import Request.
  Time since last request: 0.000063 seconds.
  path: Assets/Scenes/Prefabs/Player.prefab
  artifactKey: Guid(40b7e39b9561cf8418d4b01cbca44812) Importer(815301076,1909f56bfc062723c751e8b465ee728b)
Start importing Assets/Scenes/Prefabs/Player.prefab using Guid(40b7e39b9561cf8418d4b01cbca44812) Importer(815301076,1909f56bfc062723c751e8b465ee728b) Refreshing native plugins compatible for Editor in 15.03 ms, found 3 plugins.
Preloading 0 native plugins for Editor in 0.00 ms.
 -> (artifact id: 'c28e8367e0130ce91783df3108ddec70') in 0.319554 seconds
Number of updated asset objects reloaded before import = 0
Number of asset objects unloaded after import = 679
========================================================================
Received Import Request.
  Time since last request: 0.000220 seconds.
  path: Assets/Scenes/Prefabs/Portal blue.prefab
  artifactKey: Guid(0cc5666dc734c3542ba9aa4eb04a4375) Importer(815301076,1909f56bfc062723c751e8b465ee728b)
Start importing Assets/Scenes/Prefabs/Portal blue.prefab using Guid(0cc5666dc734c3542ba9aa4eb04a4375) Importer(815301076,1909f56bfc062723c751e8b465ee728b)  -> (artifact id: '153184ac012212d00987a590beaf3608') in 0.038912 seconds
Number of updated asset objects reloaded before import = 0
Number of asset objects unloaded after import = 26
========================================================================
Received Import Request.
  Time since last request: 0.000116 seconds.
  path: Assets/Scenes/Prefabs/Portal red.prefab
  artifactKey: Guid(a9a60c82c428c374a94df6a5213e4ed2) Importer(815301076,1909f56bfc062723c751e8b465ee728b)
Start importing Assets/Scenes/Prefabs/Portal red.prefab using Guid(a9a60c82c428c374a94df6a5213e4ed2) Importer(815301076,1909f56bfc062723c751e8b465ee728b)  -> (artifact id: '3b77ee33038f1f229052987a9cbed9d4') in 0.039649 seconds
Number of updated asset objects reloaded before import = 0
Number of asset objects unloaded after import = 26
Editor requested this worker to shutdown with reason: Scaling down because of idle timeout
TcpMessagingSession - receive error: operation aborted. errorcode: 995, details: The I/O operation has been aborted because of either a thread exit or an application request.
AssetImportWorker is now disconnected from the server
Process exiting
Exiting without the bug reporter. Application will terminate with return code 0